13:11:42 [INFO] Initialising JARVIS subsystems...
13:11:42 [INFO] Selected TTS voice: gmw/en-us+f3
13:11:42 [INFO] STT backend set to typed input mode.
13:11:42 [INFO] VoiceEngine initialised.
13:11:42 [INFO] Local Brain initialised.
13:11:42 [INFO] WakeWordDetector ready — keyword: 'jarvis', backend: typed
13:11:42 [INFO] FaceAuth disabled (set face_auth_enabled=true in config to enable).
13:11:42 [INFO] Router loaded with 10 skills.
13:11:42 [INFO] All systems online. JARVIS ready.
13:11:42 [INFO] [JARVIS] → JARVIS online. Awaiting your command, Praneeth.
13:11:42 [INFO] Listening for wake word...
13:11:50 [INFO] Wake word 'jarvis' detected from typed input.
13:11:50 [INFO] [JARVIS] → Yes?
13:12:14 [INFO] Command received: add reminder "study at 2"
13:12:14 [INFO] Routing to skill: PersonalAssistantSkill
13:12:14 [INFO] [PersonalAssistantSkill] Saved reminder #1
13:12:14 [INFO] [JARVIS] → [Reminders] Reminder saved for no specific time: add reminder "study 2"
13:12:20 [INFO] Listening for wake word...
13:14:31 [INFO] [PersonalAssistantSkill] Saved reminder #2
13:14:31 [INFO] [PersonalAssistantSkill] Saved reminder #3
13:14:31 [INFO] [PersonalAssistantSkill] Saved reminder #4
13:15:09 [INFO] [PersonalAssistantSkill] Saved reminder #5
13:15:09 [INFO] [PersonalAssistantSkill] Saved reminder #6
13:16:46 [INFO] [PersonalAssistantSkill] Saved reminder #7
13:16:46 [INFO] [PersonalAssistantSkill] Saved reminder #8
13:17:54 [INFO] [PersonalAssistantSkill] Saved reminder #9
13:17:54 [INFO] [PersonalAssistantSkill] Saved reminder #10
13:18:42 [INFO] Wake word 'jarvis' detected from typed input.
13:18:42 [INFO] [JARVIS] → Yes?
13:19:23 [INFO] [PersonalAssistantSkill] Saved reminder #11
13:19:23 [INFO] [PersonalAssistantSkill] Saved reminder #12
13:19:23 [INFO] [PersonalAssistantSkill] Saved reminder #13
13:21:23 [INFO] [PersonalAssistantSkill] Saved reminder #14
13:21:23 [INFO] [PersonalAssistantSkill] Saved reminder #15
13:21:23 [INFO] [PersonalAssistantSkill] Saved reminder #16
13:22:13 [INFO] Initialising JARVIS subsystems...
13:22:13 [INFO] Selected TTS voice: gmw/en-us+f3
13:22:13 [INFO] STT backend set to typed input mode.
13:22:13 [INFO] VoiceEngine initialised.
13:22:13 [INFO] Local Brain initialised.
13:22:13 [INFO] WakeWordDetector ready — keyword: 'jarvis', backend: typed
13:22:13 [INFO] FaceAuth disabled (set face_auth_enabled=true in config to enable).
13:22:13 [INFO] Router loaded with 10 skills.
13:22:13 [INFO] All systems online. JARVIS ready.
13:22:13 [INFO] [JARVIS] → JARVIS online. Awaiting your command, Praneeth.
13:22:13 [INFO] Listening for wake word...
13:22:31 [INFO] Wake word 'jarvis' detected from typed input.
13:22:31 [INFO] [JARVIS] → Yes?
13:22:40 [INFO] Command received: set reminder at 3pm
13:22:40 [INFO] Routing to skill: PersonalAssistantSkill
13:22:40 [INFO] [JARVIS] → [Reminders] Tell me what to remind you about.
13:22:44 [INFO] Listening for wake word...
13:22:48 [INFO] Wake word 'jarvis' detected from typed input.
13:22:48 [INFO] [JARVIS] → Yes?
13:23:03 [INFO] Command received: remind me about the maths sums
13:23:03 [INFO] Routing to skill: PersonalAssistantSkill
13:23:03 [INFO] [PersonalAssistantSkill] Saved reminder #17
13:23:03 [INFO] [JARVIS] → [Reminders] Reminder saved for no specific time: about the maths sums
13:23:08 [INFO] Listening for wake word...
13:29:15 [INFO] [PersonalAssistantSkill] Saved reminder #18 (from pending)
13:40:00 [INFO] Selected TTS voice: gmw/en-us+m3
13:40:00 [INFO] STT backend set to typed input mode.
13:40:00 [INFO] VoiceEngine initialised.
13:40:00 [INFO] [JARVIS] → Testing deep male voice output. This sounds bolder and clearer.
13:41:00 [INFO] Initialising JARVIS subsystems...
13:41:00 [INFO] Selected TTS voice: gmw/en-us+m3
13:41:00 [INFO] STT backend set to typed input mode.
13:41:00 [INFO] VoiceEngine initialised.
13:41:00 [INFO] Local Brain initialised.
13:41:00 [INFO] WakeWordDetector ready — keyword: 'jarvis', backend: typed
13:41:00 [INFO] FaceAuth disabled (set face_auth_enabled=true in config to enable).
13:41:00 [INFO] Router loaded with 10 skills.
13:41:00 [INFO] All systems online. JARVIS ready.
13:41:06 [INFO] [JARVIS] → JARVIS online. Awaiting your command, Praneeth.
13:41:06 [INFO] Listening for wake word...
13:41:11 [INFO] Wake word 'jarvis' detected from typed input.
13:41:11 [INFO] [JARVIS] → Yes?
13:41:25 [INFO] Command received: weather
13:41:25 [INFO] Routing to skill: WeatherSkill
13:41:31 [INFO] [JARVIS] → [Weather] Error: Invalid API key. Please see https://openweathermap.org/faq#error401 for more info.
13:41:41 [INFO] Listening for wake word...
13:41:49 [INFO] Wake word 'jarvis' detected from typed input.
13:41:49 [INFO] [JARVIS] → Yes?
13:41:56 [INFO] Command received: play song in spotify
13:41:56 [INFO] Routing to skill: MusicSkill
13:41:56 [INFO] User authentication requires interaction with your web browser. Once you enter your credentials and give authorization, you will be redirected to a url.  Paste that url you were directed to to complete the authorization.
13:41:56 [WARNING] Using 'localhost' as a redirect URI is being deprecated. Use a loopback IP address such as 127.0.0.1 to ensure your app remains functional.
13:41:57 [INFO] Opened https://accounts.spotify.com/authorize?client_id=GET_FROM_developer.spotify.com&response_type=code&redirect_uri=http%3A%2F%2Flocalhost%3A8888%2Fcallback&scope=user-modify-playback-state+user-read-playback-state in your browser
13:43:32 [INFO] Initialising JARVIS subsystems...
13:43:32 [INFO] Selected TTS voice: gmw/en-us+m3
13:43:32 [INFO] STT backend set to typed input mode.
13:43:32 [INFO] VoiceEngine initialised.
13:43:32 [INFO] Local Brain initialised.
13:43:32 [INFO] WakeWordDetector ready — keyword: 'jarvis', backend: typed
13:43:32 [INFO] FaceAuth disabled (set face_auth_enabled=true in config to enable).
13:43:32 [INFO] Router loaded with 10 skills.
13:43:32 [INFO] All systems online. JARVIS ready.
13:46:19 [INFO] Initialising JARVIS subsystems...
13:46:19 [INFO] Selected TTS voice: gmw/en-us+m3
13:46:19 [INFO] STT backend set to typed input mode.
13:46:19 [INFO] VoiceEngine initialised.
13:46:19 [INFO] Local Brain initialised.
13:46:19 [INFO] WakeWordDetector ready — keyword: 'jarvis', backend: typed
13:46:19 [INFO] FaceAuth disabled (set face_auth_enabled=true in config to enable).
13:46:19 [INFO] Router loaded with 10 skills.
13:46:19 [INFO] All systems online. JARVIS ready.
13:47:23 [INFO] Initialising JARVIS subsystems...
13:47:23 [INFO] Selected TTS voice: gmw/en-us+m3
13:47:23 [INFO] STT backend set to typed input mode.
13:47:23 [INFO] VoiceEngine initialised.
13:47:23 [INFO] Local Brain initialised.
13:47:23 [INFO] WakeWordDetector ready — keyword: 'jarvis', backend: typed
13:47:23 [INFO] FaceAuth disabled (set face_auth_enabled=true in config to enable).
13:47:23 [INFO] Router loaded with 10 skills.
13:47:23 [INFO] All systems online. JARVIS ready.
13:47:27 [INFO] [JARVIS] → JARVIS online. Awaiting your command, Praneeth.
13:47:27 [INFO] Listening for wake word...
13:50:08 [INFO] Initialising JARVIS subsystems...
13:50:08 [INFO] Selected TTS voice: gmw/en-us+m3
13:50:08 [INFO] STT backend set to typed input mode.
13:50:08 [INFO] VoiceEngine initialised.
13:50:08 [INFO] Local Brain initialised.
13:50:08 [INFO] WakeWordDetector ready — keyword: 'jarvis', backend: typed
13:50:08 [INFO] FaceAuth disabled (set face_auth_enabled=true in config to enable).
13:50:08 [INFO] Router loaded with 10 skills.
13:50:08 [INFO] All systems online. JARVIS ready.
13:50:27 [INFO] [JARVIS] → JARVIS online. Awaiting your command, Praneeth.
13:50:27 [INFO] Listening for wake word...
13:50:32 [INFO] Wake word 'jarvis' detected from typed input.
13:50:32 [INFO] [JARVIS] → Yes?
13:50:37 [INFO] Command received: whats time now
13:50:37 [INFO] [JARVIS] → The current time is 01:50 PM.
13:50:40 [INFO] Listening for wake word...
13:50:44 [INFO] Wake word 'jarvis' detected from typed input.
13:50:44 [INFO] [JARVIS] → Yes?
13:51:13 [INFO] Command received: open sp
13:51:13 [INFO] Routing to skill: SystemSkill
13:51:13 [INFO] [JARVIS] → [System] Opening sp.
13:51:15 [INFO] Listening for wake word...
13:51:49 [INFO] Wake word 'jarvis' detected from typed input.
13:51:49 [INFO] [JARVIS] → Yes?
13:52:00 [INFO] Command received: open spotify play song
13:52:00 [INFO] Routing to skill: MusicSkill
13:52:00 [INFO] [JARVIS] → [Music] Opening Spotify in your browser.
13:52:03 [INFO] Listening for wake word...
13:55:09 [INFO] Wake word 'jarvis' detected from typed input.
13:55:09 [INFO] [JARVIS] → Yes?
13:55:25 [INFO] Command received: wht is 2+2
13:55:25 [INFO] No skill matched — routing to Brain.
13:55:25 [INFO] [JARVIS] → I can help with local tasks, notes, reminders, schedule management, app launching, and study explanations. Try asking for help, your schedule, or a specific app to open.
13:55:37 [INFO] Listening for wake word...
13:55:43 [INFO] Wake word 'jarvis' detected from typed input.
13:55:43 [INFO] [JARVIS] → Yes?
13:55:50 [INFO] Command received: tell me my schedule
13:55:50 [INFO] Routing to skill: PersonalAssistantSkill
13:55:50 [INFO] [JARVIS] → JARVIS daily plan for Praneeth:
- No schedule entries for today.
Active reminders:
- submit assignment
- about the maths sums
- the maths sums
13:56:00 [INFO] Listening for wake word...
14:26:48 [INFO] Initialising JARVIS subsystems...
14:26:48 [INFO] Selected TTS voice: gmw/en-us+m3
14:26:48 [INFO] Calibrating microphone for ambient noise...
14:26:49 [INFO] VoiceEngine initialised.
14:26:49 [INFO] Local Brain initialised.
14:26:49 [ERROR] Porcupine init failed: create() missing 1 required positional argument: 'access_key'. Falling back.
14:26:49 [INFO] WakeWordDetector ready — keyword: 'jarvis', backend: sr
14:26:49 [INFO] FaceAuth disabled (set face_auth_enabled=true in config to enable).
14:26:49 [INFO] Router loaded with 10 skills.
14:26:49 [INFO] All systems online. JARVIS ready.
14:26:49 [INFO] [JARVIS] → JARVIS online. Awaiting your command, Praneeth.
14:26:49 [INFO] [JARVIS] → Reminder: add reminder
14:26:56 [INFO] [JARVIS] → Reminder: add reminder
14:26:59 [INFO] [JARVIS] → Reminder: buy milk
14:27:01 [INFO] [JARVIS] → Reminder: buy milk
14:27:04 [INFO] [JARVIS] → Reminder: buy milk
14:27:06 [INFO] [JARVIS] → Reminder: buy milk
14:27:08 [INFO] [JARVIS] → Reminder: buy milk
14:27:11 [INFO] Listening for wake word...
14:39:08 [INFO] Initialising JARVIS subsystems...
14:39:08 [INFO] Selected TTS voice: gmw/en-us+m3
14:39:09 [INFO] Calibrating microphone for ambient noise...
14:39:10 [INFO] VoiceEngine initialised.
14:39:10 [INFO] Local Brain initialised.
14:39:10 [ERROR] Porcupine init failed: create() missing 1 required positional argument: 'access_key'. Falling back.
14:39:10 [INFO] WakeWordDetector ready — keyword: 'jarvis', backend: sr
14:39:10 [INFO] FaceAuth disabled (set face_auth_enabled=true in config to enable).
14:39:10 [INFO] Router loaded with 10 skills.
14:39:11 [INFO] All systems online. JARVIS ready.
14:39:11 [INFO] [JARVIS] → JARVIS online. Awaiting your command, Praneeth.
14:39:11 [INFO] Listening for wake word...
14:41:22 [INFO] Wake word 'jarvis' detected in: 'jarvis'
14:41:22 [INFO] [JARVIS] → Yes?
14:41:29 [INFO] Command received: tell me date
14:41:29 [INFO] No skill matched — routing to Brain.
14:41:29 [INFO] [JARVIS] → I can help with local tasks, notes, reminders, schedule management, app launching, and study explanations. Try asking for help, your schedule, or a specific app to open.
14:41:43 [INFO] Listening for wake word...
14:41:47 [INFO] Wake word 'jarvis' detected in: 'jarvis'
14:41:47 [INFO] [JARVIS] → Yes?
14:41:51 [INFO] Command received: open spotify
14:41:51 [INFO] Routing to skill: MusicSkill
14:41:51 [INFO] [JARVIS] → [Music] Opening Spotify in your browser.
14:41:54 [INFO] Listening for wake word...
14:42:09 [INFO] Wake word 'jarvis' detected in: 'jarvis'
14:42:09 [INFO] [JARVIS] → Yes?
14:42:12 [INFO] Command received: open chrome
14:42:12 [INFO] Routing to skill: SystemSkill
14:42:12 [INFO] [JARVIS] → [System] Opening chrome.
14:42:15 [INFO] Listening for wake word...
14:42:24 [INFO] Wake word 'jarvis' detected in: 'hey jarvis'
14:42:24 [INFO] [JARVIS] → Yes?
14:42:24 [INFO] Wake word 'jarvis' detected in: 'hey jarvis'
14:42:24 [INFO] [JARVIS] → Yes?
14:42:31 [INFO] Command received: open github and chat gb
14:42:31 [INFO] Routing to skill: SystemSkill
14:42:31 [INFO] [JARVIS] → [System] Opening github and chat gb.
14:42:31 [INFO] Command received: open github and chat gpt
14:42:31 [INFO] Routing to skill: SystemSkill
14:42:31 [INFO] [JARVIS] → [System] Opening github and chat gpt.
14:42:35 [INFO] Listening for wake word...
14:42:35 [INFO] Listening for wake word...
14:42:44 [INFO] Wake word 'jarvis' detected in: 'jarvis'
14:42:44 [INFO] [JARVIS] → Yes?
14:42:45 [INFO] Wake word 'jarvis' detected in: 'jarvis'
14:42:45 [INFO] [JARVIS] → Yes?
14:42:48 [INFO] Command received: open spotify
14:42:48 [INFO] Routing to skill: MusicSkill
14:42:48 [INFO] Command received: open spotify
14:42:48 [INFO] Routing to skill: MusicSkill
14:42:48 [INFO] [JARVIS] → [Music] Opening Spotify in your browser.
14:42:48 [INFO] [JARVIS] → [Music] Opening Spotify in your browser.
14:42:52 [INFO] Listening for wake word...
14:42:52 [INFO] Listening for wake word...
14:43:04 [INFO] Wake word 'jarvis' detected in: 'jarvis'
14:43:04 [INFO] Wake word 'jarvis' detected in: 'jarvis'
14:43:04 [INFO] [JARVIS] → Yes?
14:43:04 [INFO] [JARVIS] → Yes?
14:43:11 [INFO] Command received: can you tell me what are the functions you do
14:43:11 [INFO] No skill matched — routing to Brain.
14:43:11 [INFO] [JARVIS] → I can help with local tasks, notes, reminders, schedule management, app launching, and study explanations. Try asking for help, your schedule, or a specific app to open.
14:43:11 [INFO] Command received: can you tell me what are the functions you do
14:43:11 [INFO] No skill matched — routing to Brain.
14:43:11 [INFO] [JARVIS] → I can help with local tasks, notes, reminders, schedule management, app launching, and study explanations. Try asking for help, your schedule, or a specific app to open.
14:43:25 [INFO] Listening for wake word...
14:43:25 [INFO] Listening for wake word...
14:43:31 [INFO] Wake word 'jarvis' detected in: 'jarvis'
14:43:31 [INFO] [JARVIS] → Yes?
14:43:31 [INFO] Wake word 'jarvis' detected in: 'jarvis'
14:43:31 [INFO] [JARVIS] → Yes?
14:43:38 [INFO] Command received: what are the reminders i
14:43:38 [INFO] Command received: what are the reminders
14:43:38 [INFO] Routing to skill: PersonalAssistantSkill
14:43:38 [INFO] [JARVIS] → Active reminders:
#13 [2026-05-12T18:00:00]: submit assignment
#15 [2026-05-12T14:30:00]: buy groceries
#16 [2026-05-12T18:00:00]: submit assignment
#17 [unscheduled]: about the maths sums
#18 [2026-05-11T15:00:00]: the maths sums
14:43:38 [INFO] Routing to skill: PersonalAssistantSkill
14:43:38 [INFO] [JARVIS] → Active reminders:
#13 [2026-05-12T18:00:00]: submit assignment
#15 [2026-05-12T14:30:00]: buy groceries
#16 [2026-05-12T18:00:00]: submit assignment
#17 [unscheduled]: about the maths sums
#18 [2026-05-11T15:00:00]: the maths sums
14:44:16 [INFO] Listening for wake word...
14:44:16 [INFO] Listening for wake word...
14:44:19 [INFO] Wake word 'jarvis' detected in: 'jarvis'
14:44:19 [INFO] [JARVIS] → Yes?
14:44:24 [INFO] Command received: open anti gravity in desktop
14:44:24 [INFO] Routing to skill: SystemSkill
14:44:25 [INFO] [JARVIS] → [System] Opening anti gravity in desktop.
14:44:28 [INFO] Listening for wake word...
14:44:42 [INFO] Wake word 'jarvis' detected in: 'jarvis'
14:44:42 [INFO] [JARVIS] → Yes?
14:44:42 [INFO] Wake word 'jarvis' detected in: 'jarvis'
14:44:42 [INFO] [JARVIS] → Yes?
14:44:47 [INFO] Command received: can you work offline
14:44:47 [INFO] Command received: can you work offline
14:44:47 [INFO] No skill matched — routing to Brain.
14:44:47 [INFO] [JARVIS] → I can help with local tasks, notes, reminders, schedule management, app launching, and study explanations. Try asking for help, your schedule, or a specific app to open.
14:44:47 [INFO] No skill matched — routing to Brain.
14:44:47 [INFO] [JARVIS] → I can help with local tasks, notes, reminders, schedule management, app launching, and study explanations. Try asking for help, your schedule, or a specific app to open.
14:45:01 [INFO] Listening for wake word...
14:45:01 [INFO] Listening for wake word...
14:49:35 [INFO] Initialising JARVIS subsystems...
14:49:35 [INFO] Selected TTS voice: gmw/en-us+m3
14:49:36 [INFO] Calibrating microphone for ambient noise...
14:49:37 [INFO] VoiceEngine initialised.
14:49:37 [INFO] Local Brain initialised.
14:49:37 [ERROR] Porcupine init failed: create() missing 1 required positional argument: 'access_key'. Falling back.
14:49:37 [INFO] WakeWordDetector ready — keyword: 'jarvis', backend: sr
14:49:37 [INFO] FaceAuth disabled (set face_auth_enabled=true in config to enable).
14:49:37 [INFO] Router loaded with 10 skills.
14:49:39 [INFO] All systems online. JARVIS ready.
14:49:39 [INFO] [JARVIS] → JARVIS online. Awaiting your command, Praneeth.
14:49:39 [INFO] Listening for wake word...
14:49:48 [INFO] Wake word 'jarvis' detected in: 'jarvis'
14:49:48 [INFO] [JARVIS] → Yes?
14:49:57 [INFO] [JARVIS] → I didn't catch that. Try again.
14:50:01 [INFO] Listening for wake word...
14:55:55 [INFO] Initialising JARVIS subsystems...
14:55:55 [DEBUG] Attempting to set voice to: gmw/en
14:55:55 [DEBUG] Successfully set voice to: gmw/en
14:55:55 [INFO] Selected TTS voice: gmw/en-us+m3
14:55:55 [INFO] Calibrating microphone for ambient noise...
14:55:56 [INFO] VoiceEngine initialised.
14:55:56 [INFO] Local Brain initialised.
14:55:56 [ERROR] Porcupine init failed: create() missing 1 required positional argument: 'access_key'. Falling back.
14:55:56 [INFO] WakeWordDetector ready — keyword: 'jarvis', backend: sr
14:55:56 [INFO] FaceAuth disabled (set face_auth_enabled=true in config to enable).
14:55:56 [INFO] Router loaded with 10 skills.
14:55:58 [INFO] All systems online. JARVIS ready.
14:55:58 [DEBUG] [JARVIS] → JARVIS online. Awaiting your command, Praneeth.
14:55:58 [DEBUG] Attempting to set voice to: gmw/en-us+m3
14:55:58 [DEBUG] Successfully set voice to: gmw/en-us+m3
14:55:58 [DEBUG] Attempting to set voice to: gmw/en-us+m3
14:55:58 [DEBUG] Successfully set voice to: gmw/en-us+m3
14:55:58 [INFO] Listening for wake word...
14:58:39 [INFO] Initialising JARVIS subsystems...
14:58:39 [DEBUG] Attempting to set voice to: gmw/en
14:58:39 [DEBUG] Successfully set voice to: gmw/en
14:58:39 [INFO] Selected TTS voice: gmw/en-us+m3
14:58:39 [INFO] Calibrating microphone for ambient noise...
14:58:40 [INFO] VoiceEngine initialised.
14:58:40 [INFO] Local Brain initialised.
14:58:40 [WARNING] Porcupine unavailable (create() missing 1 required positional argument: 'access_key'). Falling back to SpeechRecognition.
14:58:40 [INFO] WakeWordDetector ready — keyword: 'jarvis', backend: sr
14:58:40 [INFO] FaceAuth disabled (set face_auth_enabled=true in config to enable).
14:58:40 [INFO] Router loaded with 10 skills.
14:58:42 [INFO] All systems online. JARVIS ready.
14:58:42 [DEBUG] [JARVIS] → JARVIS online. Awaiting your command, Praneeth.
14:58:42 [DEBUG] Attempting to set voice to: gmw/en-us+m3
14:58:42 [DEBUG] Successfully set voice to: gmw/en-us+m3
14:58:42 [DEBUG] Attempting to set voice to: gmw/en-us+m3
14:58:42 [DEBUG] Successfully set voice to: gmw/en-us+m3
14:58:42 [INFO] Listening for wake word...
15:03:58 [INFO] Initialising JARVIS subsystems...
15:03:58 [DEBUG] Attempting to set voice to: gmw/en
15:03:58 [DEBUG] Successfully set voice to: gmw/en
15:03:58 [INFO] Selected TTS voice: gmw/en-us+m3
15:03:58 [INFO] VoiceEngine initialised.
15:03:58 [INFO] Local Brain initialised.
15:03:58 [WARNING] No Porcupine access key found in config. Falling back to SpeechRecognition.
15:03:58 [INFO] WakeWordDetector ready — keyword: 'jarvis', backend: sr
15:03:58 [INFO] FaceAuth disabled (set face_auth_enabled=true in config to enable).
15:03:58 [INFO] Router loaded with 10 skills.
15:04:00 [INFO] All systems online. JARVIS ready.
15:04:00 [DEBUG] [JARVIS] → JARVIS online. Awaiting your command, Praneeth.
15:04:00 [DEBUG] Attempting to set voice to: gmw/en-us+m3
15:04:00 [DEBUG] Successfully set voice to: gmw/en-us+m3
15:04:00 [DEBUG] Attempting to set voice to: gmw/en-us+m3
15:04:00 [DEBUG] Successfully set voice to: gmw/en-us+m3
15:04:00 [DEBUG] [JARVIS] → Reminder: the maths sums
15:04:07 [INFO] Listening for wake word...
